>1
77 111
//
>2
//
>3
//
>4
//
>5
//
>6
//
>7
//
>8
32 59
64 91
//
>9
//
>10
//
>11
//
>12
//
>13
//
>14
//
>15
//
>16
//
>17
//
>18
//
>19
//
>20
//
