hmmpfam - search one or more sequences against HMM database
HMMER 2.3.2 (Oct 2003)
Copyright (C) 1992-2003 HHMI/Washington University School of Medicine
Freely distributed under the GNU General Public License (GPL)
- - - - - - - - - - - - - - - - - - - - - - - - - - - - - - - - - - - -
HMM file:                 data/smart/7.1/smart.HMMs.bin
Sequence file:            /home/nick/Bureau/Projet_NT/archives/NLGenomeSweeper/tests/data/temp/nick-Precision-7530_20200620_141850733_40jl//jobSMART/000000000001_000000000020.fasta
- - - - - - - - - - - - - - - - - - - - - - - - - - - - - - - -

Query sequence: 1
Accession:      [none]
Description:    [none]

Scores for sequence family classification (score includes all domains):
Model    Description                                    Score    E-value  N 
-------- -----------                                    -----    ------- ---
	[no hits above thresholds]

Parsed for domains:
Model    Domain  seq-f seq-t    hmm-f hmm-t      score  E-value
-------- ------- ----- -----    ----- -----      -----  -------
	[no hits above thresholds]
//

Query sequence: 2
Accession:      [none]
Description:    [none]

Scores for sequence family classification (score includes all domains):
Model    Description                                    Score    E-value  N 
-------- -----------                                    -----    ------- ---
	[no hits above thresholds]

Parsed for domains:
Model    Domain  seq-f seq-t    hmm-f hmm-t      score  E-value
-------- ------- ----- -----    ----- -----      -----  -------
	[no hits above thresholds]
//

Query sequence: 3
Accession:      [none]
Description:    [none]

Scores for sequence family classification (score includes all domains):
Model    Description                                    Score    E-value  N 
-------- -----------                                    -----    ------- ---
	[no hits above thresholds]

Parsed for domains:
Model    Domain  seq-f seq-t    hmm-f hmm-t      score  E-value
-------- ------- ----- -----    ----- -----      -----  -------
	[no hits above thresholds]
//

Query sequence: 4
Accession:      [none]
Description:    [none]

Scores for sequence family classification (score includes all domains):
Model    Description                                    Score    E-value  N 
-------- -----------                                    -----    ------- ---
SM00698                                                 185.8    4.1e-51   8

Parsed for domains:
Model    Domain  seq-f seq-t    hmm-f hmm-t      score  E-value
-------- ------- ----- -----    ----- -----      -----  -------
SM00698    1/8      18    39 ..     1    22 []     5.4       14
SM00698    2/8      41    62 ..     1    22 []    29.2  0.00058
SM00698    3/8      64    85 ..     1    22 []    21.1     0.12
SM00698    4/8      87   108 ..     1    22 []    29.3  0.00055
SM00698    5/8     110   131 ..     1    22 []    28.8  0.00077
SM00698    6/8     133   154 ..     1    22 []    32.6  5.4e-05
SM00698    7/8     156   177 ..     1    22 []    37.8  1.4e-06
SM00698    8/8     179   194 .]     1    22 []     1.6       46
//

Query sequence: 5
Accession:      [none]
Description:    [none]

Scores for sequence family classification (score includes all domains):
Model    Description                                    Score    E-value  N 
-------- -----------                                    -----    ------- ---
	[no hits above thresholds]

Parsed for domains:
Model    Domain  seq-f seq-t    hmm-f hmm-t      score  E-value
-------- ------- ----- -----    ----- -----      -----  -------
	[no hits above thresholds]
//

Query sequence: 6
Accession:      [none]
Description:    [none]

Scores for sequence family classification (score includes all domains):
Model    Description                                    Score    E-value  N 
-------- -----------                                    -----    ------- ---
	[no hits above thresholds]

Parsed for domains:
Model    Domain  seq-f seq-t    hmm-f hmm-t      score  E-value
-------- ------- ----- -----    ----- -----      -----  -------
	[no hits above thresholds]
//

Query sequence: 7
Accession:      [none]
Description:    [none]

Scores for sequence family classification (score includes all domains):
Model    Description                                    Score    E-value  N 
-------- -----------                                    -----    ------- ---
	[no hits above thresholds]

Parsed for domains:
Model    Domain  seq-f seq-t    hmm-f hmm-t      score  E-value
-------- ------- ----- -----    ----- -----      -----  -------
	[no hits above thresholds]
//

Query sequence: 8
Accession:      [none]
Description:    [none]

Scores for sequence family classification (score includes all domains):
Model    Description                                    Score    E-value  N 
-------- -----------                                    -----    ------- ---
	[no hits above thresholds]

Parsed for domains:
Model    Domain  seq-f seq-t    hmm-f hmm-t      score  E-value
-------- ------- ----- -----    ----- -----      -----  -------
	[no hits above thresholds]
//

Query sequence: 9
Accession:      [none]
Description:    [none]

Scores for sequence family classification (score includes all domains):
Model    Description                                    Score    E-value  N 
-------- -----------                                    -----    ------- ---
	[no hits above thresholds]

Parsed for domains:
Model    Domain  seq-f seq-t    hmm-f hmm-t      score  E-value
-------- ------- ----- -----    ----- -----      -----  -------
	[no hits above thresholds]
//

Query sequence: 10
Accession:      [none]
Description:    [none]

Scores for sequence family classification (score includes all domains):
Model    Description                                    Score    E-value  N 
-------- -----------                                    -----    ------- ---
	[no hits above thresholds]

Parsed for domains:
Model    Domain  seq-f seq-t    hmm-f hmm-t      score  E-value
-------- ------- ----- -----    ----- -----      -----  -------
	[no hits above thresholds]
//

Query sequence: 11
Accession:      [none]
Description:    [none]

Scores for sequence family classification (score includes all domains):
Model    Description                                    Score    E-value  N 
-------- -----------                                    -----    ------- ---
	[no hits above thresholds]

Parsed for domains:
Model    Domain  seq-f seq-t    hmm-f hmm-t      score  E-value
-------- ------- ----- -----    ----- -----      -----  -------
	[no hits above thresholds]
//

Query sequence: 12
Accession:      [none]
Description:    [none]

Scores for sequence family classification (score includes all domains):
Model    Description                                    Score    E-value  N 
-------- -----------                                    -----    ------- ---
	[no hits above thresholds]

Parsed for domains:
Model    Domain  seq-f seq-t    hmm-f hmm-t      score  E-value
-------- ------- ----- -----    ----- -----      -----  -------
	[no hits above thresholds]
//

Query sequence: 13
Accession:      [none]
Description:    [none]

Scores for sequence family classification (score includes all domains):
Model    Description                                    Score    E-value  N 
-------- -----------                                    -----    ------- ---
	[no hits above thresholds]

Parsed for domains:
Model    Domain  seq-f seq-t    hmm-f hmm-t      score  E-value
-------- ------- ----- -----    ----- -----      -----  -------
	[no hits above thresholds]
//

Query sequence: 14
Accession:      [none]
Description:    [none]

Scores for sequence family classification (score includes all domains):
Model    Description                                    Score    E-value  N 
-------- -----------                                    -----    ------- ---
	[no hits above thresholds]

Parsed for domains:
Model    Domain  seq-f seq-t    hmm-f hmm-t      score  E-value
-------- ------- ----- -----    ----- -----      -----  -------
	[no hits above thresholds]
//

Query sequence: 15
Accession:      [none]
Description:    [none]

Scores for sequence family classification (score includes all domains):
Model    Description                                    Score    E-value  N 
-------- -----------                                    -----    ------- ---
	[no hits above thresholds]

Parsed for domains:
Model    Domain  seq-f seq-t    hmm-f hmm-t      score  E-value
-------- ------- ----- -----    ----- -----      -----  -------
	[no hits above thresholds]
//

Query sequence: 16
Accession:      [none]
Description:    [none]

Scores for sequence family classification (score includes all domains):
Model    Description                                    Score    E-value  N 
-------- -----------                                    -----    ------- ---
	[no hits above thresholds]

Parsed for domains:
Model    Domain  seq-f seq-t    hmm-f hmm-t      score  E-value
-------- ------- ----- -----    ----- -----      -----  -------
	[no hits above thresholds]
//

Query sequence: 17
Accession:      [none]
Description:    [none]

Scores for sequence family classification (score includes all domains):
Model    Description                                    Score    E-value  N 
-------- -----------                                    -----    ------- ---
	[no hits above thresholds]

Parsed for domains:
Model    Domain  seq-f seq-t    hmm-f hmm-t      score  E-value
-------- ------- ----- -----    ----- -----      -----  -------
	[no hits above thresholds]
//

Query sequence: 18
Accession:      [none]
Description:    [none]

Scores for sequence family classification (score includes all domains):
Model    Description                                    Score    E-value  N 
-------- -----------                                    -----    ------- ---
	[no hits above thresholds]

Parsed for domains:
Model    Domain  seq-f seq-t    hmm-f hmm-t      score  E-value
-------- ------- ----- -----    ----- -----      -----  -------
	[no hits above thresholds]
//

Query sequence: 19
Accession:      [none]
Description:    [none]

Scores for sequence family classification (score includes all domains):
Model    Description                                    Score    E-value  N 
-------- -----------                                    -----    ------- ---
	[no hits above thresholds]

Parsed for domains:
Model    Domain  seq-f seq-t    hmm-f hmm-t      score  E-value
-------- ------- ----- -----    ----- -----      -----  -------
	[no hits above thresholds]
//

Query sequence: 20
Accession:      [none]
Description:    [none]

Scores for sequence family classification (score includes all domains):
Model    Description                                    Score    E-value  N 
-------- -----------                                    -----    ------- ---
	[no hits above thresholds]

Parsed for domains:
Model    Domain  seq-f seq-t    hmm-f hmm-t      score  E-value
-------- ------- ----- -----    ----- -----      -----  -------
	[no hits above thresholds]
//
