# Generated by cath-resolve-hits, one of the cath-tools (https://github.com/UCLOrengoGroup/cath-tools)
#FIELDS query-id match-id score boundaries resolved aligned-regions cond-evalue indp-evalue
12 2v1xA01-i1 68.1 11-84 11-84 32-81,22-71 3.6e-23 2.4e-18
14 4o3mA02-i2 79.9 13-134 13-134 6-12,16-22;14-51,23-60;52-78,90-116;80-95,117-132 1e-26 6.7e-22
19 2a5yC01-i2 118.8 26-182 26-182 9-24,34-49;25-38,51-64;41-67,65-91;70-87,92-109;90-106,110-126;112-129,127-144;131-154,145-168 1.1e-38 7.1e-34
3 4u09A00-i2 104.9 178-505 178-505 16-28,189-201;29-38,203-212;39-53,214-228;54-78,231-255;79-173,258-352;175-193,353-371;194-221,374-401;222-235,406-419;237-266,420-449;267-285,451-469;286-304,472-490;307-310,491-494 1.6e-34 1e-29
4 1h3iA01-i1 37.1 9-74 9-70 17-44,14-41;46-74,42-70 1.6e-13 1e-08
4 1h3iA01-i1 51 67-147 71-147 1-45,67-111;47-75,112-140;77-80,141-144 8.3e-18 5.4e-13
9 5ft9A01-i2 71.9 2-133 2-133 81-113,17-49;116-193,50-127 3.9e-24 2.5e-19
