# Generated by cath-resolve-hits, one of the cath-tools (https://github.com/UCLOrengoGroup/cath-tools)
#FIELDS query-id match-id score boundaries resolved aligned-regions cond-evalue indp-evalue
1 1z6tA02-i2 94.5 191-355 191-355 17-36,201-220;39-72,221-254;74-85,255-266;88-104,267-283;108-125,284-301;128-147,302-321;148-148,324-324;149-167,330-348 3.3e-31 2.2e-26
1 1z6tA03-i1 34.8 360-436 360-436 17-49,377-409;50-64,412-426 6.7e-13 4.4e-08
1 2z7xA00-i2 109.7 538-895 538-895 7-24,541-558;25-43,560-578;46-84,579-617;85-91,619-625;93-115,626-648;118-140,649-671;142-160,672-690;161-190,693-722;191-219,725-753;220-242,755-777;243-247,779-783;249-261,784-796;262-268,798-804;274-289,805-820;290-310,822-842;311-345,850-884 7.4e-36 4.9e-31
15 4e8uA00-i1 164.3 155-321 155-321 6-19,159-172;21-40,173-192;44-102,193-251;103-168,253-318 1.2e-52 7.6e-48
19 1uocB00-i1 354 6-283 6-283 9-62,13-66;63-96,73-106;97-104,110-117;105-210,119-224;226-265,225-264;271-286,265-280 2.9e-110 1.9e-105
20 3jv1A00-i1 74.8 2-124 2-124 26-53,12-39;54-73,41-60;74-96,62-84;98-118,85-105;119-132,108-121 5.2e-25 3.4e-20
