>1
//
>2
//
>3
//
>4
//
>5
34 54
//
>6
36 56
//
>7
//
>8
//
>9
//
>10
//
>11
//
>12
//
>13
//
>14
//
>15
19 42
//
>16
//
>17
//
>18
//
>19
//
>20
73 103
//
