>1
//
>2
//
>3
//
>4
//
>5
//
>6
//
>7
//
>8
69 89
//
>9
//
>10
//
>11
//
>12
//
>13
//
>14
52 86
//
>15
//
>16
//
>17
//
>18
62 82
//
>19
//
>20
//
