hmmpfam - search one or more sequences against HMM database
HMMER 2.3.2 (Oct 2003)
Copyright (C) 1992-2003 HHMI/Washington University School of Medicine
Freely distributed under the GNU General Public License (GPL)
- - - - - - - - - - - - - - - - - - - - - - - - - - - - - - - - - - - -
HMM file:                 data/smart/7.1/smart.HMMs.bin
Sequence file:            /home/nick/Bureau/Projet_NT/archives/NLGenomeSweeper/tests/data/temp/nick-Precision-7530_20200620_142054696_cc41//jobSMART/000000000001_000000000020.fasta
- - - - - - - - - - - - - - - - - - - - - - - - - - - - - - - -

Query sequence: 1
Accession:      [none]
Description:    [none]

Scores for sequence family classification (score includes all domains):
Model    Description                                    Score    E-value  N 
-------- -----------                                    -----    ------- ---
SM00521                                                  39.0    6.2e-07   1

Parsed for domains:
Model    Domain  seq-f seq-t    hmm-f hmm-t      score  E-value
-------- ------- ----- -----    ----- -----      -----  -------
SM00521    1/1       3    56 ..     1    62 []    39.0  6.2e-07
//

Query sequence: 2
Accession:      [none]
Description:    [none]

Scores for sequence family classification (score includes all domains):
Model    Description                                    Score    E-value  N 
-------- -----------                                    -----    ------- ---
	[no hits above thresholds]

Parsed for domains:
Model    Domain  seq-f seq-t    hmm-f hmm-t      score  E-value
-------- ------- ----- -----    ----- -----      -----  -------
	[no hits above thresholds]
//

Query sequence: 3
Accession:      [none]
Description:    [none]

Scores for sequence family classification (score includes all domains):
Model    Description                                    Score    E-value  N 
-------- -----------                                    -----    ------- ---
	[no hits above thresholds]

Parsed for domains:
Model    Domain  seq-f seq-t    hmm-f hmm-t      score  E-value
-------- ------- ----- -----    ----- -----      -----  -------
	[no hits above thresholds]
//

Query sequence: 4
Accession:      [none]
Description:    [none]

Scores for sequence family classification (score includes all domains):
Model    Description                                    Score    E-value  N 
-------- -----------                                    -----    ------- ---
	[no hits above thresholds]

Parsed for domains:
Model    Domain  seq-f seq-t    hmm-f hmm-t      score  E-value
-------- ------- ----- -----    ----- -----      -----  -------
	[no hits above thresholds]
//

Query sequence: 5
Accession:      [none]
Description:    [none]

Scores for sequence family classification (score includes all domains):
Model    Description                                    Score    E-value  N 
-------- -----------                                    -----    ------- ---
	[no hits above thresholds]

Parsed for domains:
Model    Domain  seq-f seq-t    hmm-f hmm-t      score  E-value
-------- ------- ----- -----    ----- -----      -----  -------
	[no hits above thresholds]
//

Query sequence: 6
Accession:      [none]
Description:    [none]

Scores for sequence family classification (score includes all domains):
Model    Description                                    Score    E-value  N 
-------- -----------                                    -----    ------- ---
	[no hits above thresholds]

Parsed for domains:
Model    Domain  seq-f seq-t    hmm-f hmm-t      score  E-value
-------- ------- ----- -----    ----- -----      -----  -------
	[no hits above thresholds]
//

Query sequence: 7
Accession:      [none]
Description:    [none]

Scores for sequence family classification (score includes all domains):
Model    Description                                    Score    E-value  N 
-------- -----------                                    -----    ------- ---
	[no hits above thresholds]

Parsed for domains:
Model    Domain  seq-f seq-t    hmm-f hmm-t      score  E-value
-------- ------- ----- -----    ----- -----      -----  -------
	[no hits above thresholds]
//

Query sequence: 8
Accession:      [none]
Description:    [none]

Scores for sequence family classification (score includes all domains):
Model    Description                                    Score    E-value  N 
-------- -----------                                    -----    ------- ---
	[no hits above thresholds]

Parsed for domains:
Model    Domain  seq-f seq-t    hmm-f hmm-t      score  E-value
-------- ------- ----- -----    ----- -----      -----  -------
	[no hits above thresholds]
//

Query sequence: 9
Accession:      [none]
Description:    [none]

Scores for sequence family classification (score includes all domains):
Model    Description                                    Score    E-value  N 
-------- -----------                                    -----    ------- ---
	[no hits above thresholds]

Parsed for domains:
Model    Domain  seq-f seq-t    hmm-f hmm-t      score  E-value
-------- ------- ----- -----    ----- -----      -----  -------
	[no hits above thresholds]
//

Query sequence: 10
Accession:      [none]
Description:    [none]

Scores for sequence family classification (score includes all domains):
Model    Description                                    Score    E-value  N 
-------- -----------                                    -----    ------- ---
	[no hits above thresholds]

Parsed for domains:
Model    Domain  seq-f seq-t    hmm-f hmm-t      score  E-value
-------- ------- ----- -----    ----- -----      -----  -------
	[no hits above thresholds]
//

Query sequence: 11
Accession:      [none]
Description:    [none]

Scores for sequence family classification (score includes all domains):
Model    Description                                    Score    E-value  N 
-------- -----------                                    -----    ------- ---
	[no hits above thresholds]

Parsed for domains:
Model    Domain  seq-f seq-t    hmm-f hmm-t      score  E-value
-------- ------- ----- -----    ----- -----      -----  -------
	[no hits above thresholds]
//

Query sequence: 12
Accession:      [none]
Description:    [none]

Scores for sequence family classification (score includes all domains):
Model    Description                                    Score    E-value  N 
-------- -----------                                    -----    ------- ---
	[no hits above thresholds]

Parsed for domains:
Model    Domain  seq-f seq-t    hmm-f hmm-t      score  E-value
-------- ------- ----- -----    ----- -----      -----  -------
	[no hits above thresholds]
//

Query sequence: 13
Accession:      [none]
Description:    [none]

Scores for sequence family classification (score includes all domains):
Model    Description                                    Score    E-value  N 
-------- -----------                                    -----    ------- ---
	[no hits above thresholds]

Parsed for domains:
Model    Domain  seq-f seq-t    hmm-f hmm-t      score  E-value
-------- ------- ----- -----    ----- -----      -----  -------
	[no hits above thresholds]
//

Query sequence: 14
Accession:      [none]
Description:    [none]

Scores for sequence family classification (score includes all domains):
Model    Description                                    Score    E-value  N 
-------- -----------                                    -----    ------- ---
SM00255                                                 160.3      2e-43   1

Parsed for domains:
Model    Domain  seq-f seq-t    hmm-f hmm-t      score  E-value
-------- ------- ----- -----    ----- -----      -----  -------
SM00255    1/1      19   155 ..     1   147 []   160.3    2e-43
//

Query sequence: 15
Accession:      [none]
Description:    [none]

Scores for sequence family classification (score includes all domains):
Model    Description                                    Score    E-value  N 
-------- -----------                                    -----    ------- ---
	[no hits above thresholds]

Parsed for domains:
Model    Domain  seq-f seq-t    hmm-f hmm-t      score  E-value
-------- ------- ----- -----    ----- -----      -----  -------
	[no hits above thresholds]
//

Query sequence: 16
Accession:      [none]
Description:    [none]

Scores for sequence family classification (score includes all domains):
Model    Description                                    Score    E-value  N 
-------- -----------                                    -----    ------- ---
SM00255                                                 150.4    1.8e-40   1

Parsed for domains:
Model    Domain  seq-f seq-t    hmm-f hmm-t      score  E-value
-------- ------- ----- -----    ----- -----      -----  -------
SM00255    1/1      17   155 ..     1   147 []   150.4  1.8e-40
//

Query sequence: 17
Accession:      [none]
Description:    [none]

Scores for sequence family classification (score includes all domains):
Model    Description                                    Score    E-value  N 
-------- -----------                                    -----    ------- ---
	[no hits above thresholds]

Parsed for domains:
Model    Domain  seq-f seq-t    hmm-f hmm-t      score  E-value
-------- ------- ----- -----    ----- -----      -----  -------
	[no hits above thresholds]
//

Query sequence: 18
Accession:      [none]
Description:    [none]

Scores for sequence family classification (score includes all domains):
Model    Description                                    Score    E-value  N 
-------- -----------                                    -----    ------- ---
	[no hits above thresholds]

Parsed for domains:
Model    Domain  seq-f seq-t    hmm-f hmm-t      score  E-value
-------- ------- ----- -----    ----- -----      -----  -------
	[no hits above thresholds]
//

Query sequence: 19
Accession:      [none]
Description:    [none]

Scores for sequence family classification (score includes all domains):
Model    Description                                    Score    E-value  N 
-------- -----------                                    -----    ------- ---
	[no hits above thresholds]

Parsed for domains:
Model    Domain  seq-f seq-t    hmm-f hmm-t      score  E-value
-------- ------- ----- -----    ----- -----      -----  -------
	[no hits above thresholds]
//

Query sequence: 20
Accession:      [none]
Description:    [none]

Scores for sequence family classification (score includes all domains):
Model    Description                                    Score    E-value  N 
-------- -----------                                    -----    ------- ---
	[no hits above thresholds]

Parsed for domains:
Model    Domain  seq-f seq-t    hmm-f hmm-t      score  E-value
-------- ------- ----- -----    ----- -----      -----  -------
	[no hits above thresholds]
//
